≡ƒÜÇ Testing Enhanced AI Service...


≡ƒô¥ Test 1: "Hi there!"
ΓöÇΓöÇΓöÇΓöÇΓöÇΓöÇΓöÇΓöÇΓöÇΓöÇΓöÇΓöÇΓöÇΓöÇΓöÇΓöÇΓöÇΓöÇΓöÇΓöÇΓöÇΓöÇΓöÇΓöÇΓöÇΓöÇΓöÇΓöÇΓöÇΓöÇΓöÇΓöÇΓöÇΓöÇΓöÇΓöÇΓöÇΓöÇΓöÇΓöÇΓöÇΓöÇΓöÇΓöÇΓöÇΓöÇΓöÇΓöÇΓöÇΓöÇ
[DEBUG] Intent scores for: Hi there!
[DEBUG] Scores: {
  CANCEL_ORDER: 0,
  TRACK_ORDER: 0,
  RETURN_ORDER: 0,
  GENERAL_INQUIRY: 0
}
[DEBUG] Final analysis: {
  intents: [],
  entities: { orderIds: [ 'ORD-THERE' ] },
  sentiment: { sentiment: 'neutral', intensity: 0.5 },
  urgency: { level: 'medium', score: 0.5 },
  confidence: 0.3,
  isComplex: false,
  primaryIntent: 'GENERAL_INQUIRY'
}
≡ƒñû AI Response: ≡ƒæï Hi there! I'm Riley, your AI support assistant. I can help you with:

Γ£à Cancel orders
≡ƒôª Track shipments
≡ƒöä Process returns
Γ¥ô Answer questions

What can I do for you today?
≡ƒÄ» Intent: GENERAL_INQUIRY
≡ƒöì Confidence: undefined
≡ƒôè Actions: [ 'GREETING' ]
≡ƒöº Debug - Full Response: {
  "message": "≡ƒæï Hi there! I'm Riley, your AI support assistant. I can help you with:\n\nΓ£à Cancel orders\n≡ƒôª Track shipments\n≡ƒöä Process returns\nΓ¥ô Answer questions\n\nWhat can I do for you today?",
  "intent": "GENERAL_INQUIRY",
  "success": true,
  "actions": [
    "GREETING"
  ]
}

≡ƒô¥ Test 2: "I want to cancel order ORD-12345"
ΓöÇΓöÇΓöÇΓöÇΓöÇΓöÇΓöÇΓöÇΓöÇΓöÇΓöÇΓöÇΓöÇΓöÇΓöÇΓöÇΓöÇΓöÇΓöÇΓöÇΓöÇΓöÇΓöÇΓöÇΓöÇΓöÇΓöÇΓöÇΓöÇΓöÇΓöÇΓöÇΓöÇΓöÇΓöÇΓöÇΓöÇΓöÇΓöÇΓöÇΓöÇΓöÇΓöÇΓöÇΓöÇΓöÇΓöÇΓöÇΓöÇΓöÇ
[DEBUG] Intent scores for: I want to cancel order ORD-12345
[DEBUG] Scores: {
  CANCEL_ORDER: 0.378,
  TRACK_ORDER: 0.08499999999999999,
  RETURN_ORDER: 0.08,
  GENERAL_INQUIRY: 0
}
[DEBUG] Final analysis: {
  intents: [
    { intent: 'CANCEL_ORDER', confidence: 0.378 },
    { intent: 'TRACK_ORDER', confidence: 0.08499999999999999 },
    { intent: 'RETURN_ORDER', confidence: 0.08 }
  ],
  entities: { orderIds: [ 'ORD-WANT', 'ORD-CANCEL', 'ORD-12345', 'ORD-ORD' ] },
  sentiment: { sentiment: 'neutral', intensity: 0.5 },
  urgency: { level: 'medium', score: 0.5 },
  confidence: 0.378,
  isComplex: true,
  primaryIntent: 'CANCEL_ORDER'
}
≡ƒñû AI Response: Γ£à I've successfully cancelled order ORD-WANT for you. You'll receive a confirmation email shortly. Is there anything else I can help you with?
≡ƒÄ» Intent: CANCEL_ORDER
≡ƒöì Confidence: undefined
≡ƒôè Actions: [ 'CANCEL_ORDER' ]
≡ƒöº Debug - Full Response: {
  "message": "Γ£à I've successfully cancelled order ORD-WANT for you. You'll receive a confirmation email shortly. Is there anything else I can help you with?",
  "intent": "CANCEL_ORDER",
  "orderId": "ORD-WANT",
  "success": true,
  "actions": [
    "CANCEL_ORDER"
  ]
}

≡ƒô¥ Test 3: "Can you track my order ORD-67890 and also help me return ORD-11111?"
ΓöÇΓöÇΓöÇΓöÇΓöÇΓöÇΓöÇΓöÇΓöÇΓöÇΓöÇΓöÇΓöÇΓöÇΓöÇΓöÇΓöÇΓöÇΓöÇΓöÇΓöÇΓöÇΓöÇΓöÇΓöÇΓöÇΓöÇΓöÇΓöÇΓöÇΓöÇΓöÇΓöÇΓöÇΓöÇΓöÇΓöÇΓöÇΓöÇΓöÇΓöÇΓöÇΓöÇΓöÇΓöÇΓöÇΓöÇΓöÇΓöÇΓöÇ
[DEBUG] Intent scores for: Can you track my order ORD-67890 and also help me return ORD-11111?
[DEBUG] Scores: {
  CANCEL_ORDER: 0.108,
  TRACK_ORDER: 0.306,
  RETURN_ORDER: 0.176,
  GENERAL_INQUIRY: 0.0576
}
[DEBUG] Final analysis: {
  intents: [
    { intent: 'TRACK_ORDER', confidence: 0.306 },
    { intent: 'RETURN_ORDER', confidence: 0.176 },
    { intent: 'CANCEL_ORDER', confidence: 0.108 },
    { intent: 'GENERAL_INQUIRY', confidence: 0.0576 }
  ],
  entities: {
    orderIds: [
      'ORD-CAN',   'ORD-YOU',
      'ORD-TRACK', 'ORD-67890',
      'ORD-AND',   'ORD-ALSO',
      'ORD-HELP',  'ORD-RETURN',
      'ORD-11111', 'ORD-ORD'
    ]
  },
  sentiment: { sentiment: 'neutral', intensity: 0.5 },
  urgency: { level: 'medium', score: 0.5 },
  confidence: 0.306,
  isComplex: true,
  primaryIntent: 'TRACK_ORDER'
}
≡ƒñû AI Response: ≡ƒôª Here's the tracking information for order ORD-CAN:

**Status:** In Transit
**Tracking:** 1Z999AA123456789
**Est. Delivery:** Wed Aug 13 2025

Your package is on its way! Is there anything else you need help with?
≡ƒÄ» Intent: TRACK_ORDER
≡ƒöì Confidence: undefined
≡ƒôè Actions: [ 'TRACK_ORDER' ]
≡ƒöº Debug - Full Response: {
  "message": "≡ƒôª Here's the tracking information for order ORD-CAN:\n\n**Status:** In Transit\n**Tracking:** 1Z999AA123456789\n**Est. Delivery:** Wed Aug 13 2025\n\nYour package is on its way! Is there anything else you need help with?",
  "intent": "TRACK_ORDER",
  "orderId": "ORD-CAN",
  "success": true,
  "actions": [
    "TRACK_ORDER"
  ]
}

≡ƒô¥ Test 4: "I'm really frustrated with my order, this is taking too long and I'm very angry"
ΓöÇΓöÇΓöÇΓöÇΓöÇΓöÇΓöÇΓöÇΓöÇΓöÇΓöÇΓöÇΓöÇΓöÇΓöÇΓöÇΓöÇΓöÇΓöÇΓöÇΓöÇΓöÇΓöÇΓöÇΓöÇΓöÇΓöÇΓöÇΓöÇΓöÇΓöÇΓöÇΓöÇΓöÇΓöÇΓöÇΓöÇΓöÇΓöÇΓöÇΓöÇΓöÇΓöÇΓöÇΓöÇΓöÇΓöÇΓöÇΓöÇΓöÇ
[DEBUG] Intent scores for: I'm really frustrated with my order, this is taking too long and I'm very angry
[DEBUG] Scores: {
  CANCEL_ORDER: 0.108,
  TRACK_ORDER: 0.102,
  RETURN_ORDER: 0.08,
  GENERAL_INQUIRY: 0
}
[DEBUG] Final analysis: {
  intents: [
    { intent: 'CANCEL_ORDER', confidence: 0.108 },
    { intent: 'TRACK_ORDER', confidence: 0.102 },
    { intent: 'RETURN_ORDER', confidence: 0.08 }
  ],
  entities: {
    orderIds: [
      'ORD-REALLY', 'ORD-FRUSTRAT',
      'ORD-WITH',   'ORD-ORDER',
      'ORD-THIS',   'ORD-TAKING',
      'ORD-TOO',    'ORD-LONG',
      'ORD-AND',    'ORD-VERY',
      'ORD-ANGRY'
    ]
  },
  sentiment: { sentiment: 'negative', intensity: 0.7 },
  urgency: { level: 'medium', score: 0.5 },
  confidence: 0.108,
  isComplex: true,
  primaryIntent: 'CANCEL_ORDER'
}
≡ƒñû AI Response: I understand this is important to you. Let me connect you with one of our human support specialists who can provide more personalized assistance. You'll be connected to the next available agent.
≡ƒÄ» Intent: ESCALATION
≡ƒöì Confidence: undefined
≡ƒôè Actions: None
≡ƒöº Debug - Full Response: {
  "message": "I understand this is important to you. Let me connect you with one of our human support specialists who can provide more personalized assistance. You'll be connected to the next available agent.",
  "intent": "ESCALATION",
  "escalation": {
    "priority": "medium",
    "reasons": [
      "low_confidence"
    ]
  },
  "success": false,
  "requiresHuman": true
}
ΓÜá∩╕Å  Escalation: medium - Reasons: low_confidence

≡ƒô¥ Test 5: "Track order ABC123"
ΓöÇΓöÇΓöÇΓöÇΓöÇΓöÇΓöÇΓöÇΓöÇΓöÇΓöÇΓöÇΓöÇΓöÇΓöÇΓöÇΓöÇΓöÇΓöÇΓöÇΓöÇΓöÇΓöÇΓöÇΓöÇΓöÇΓöÇΓöÇΓöÇΓöÇΓöÇΓöÇΓöÇΓöÇΓöÇΓöÇΓöÇΓöÇΓöÇΓöÇΓöÇΓöÇΓöÇΓöÇΓöÇΓöÇΓöÇΓöÇΓöÇΓöÇ
[DEBUG] Intent scores for: Track order ABC123
[DEBUG] Scores: {
  CANCEL_ORDER: 0.108,
  TRACK_ORDER: 0.36719999999999997,
  RETURN_ORDER: 0.08,
  GENERAL_INQUIRY: 0
}
[DEBUG] Final analysis: {
  intents: [
    { intent: 'TRACK_ORDER', confidence: 0.36719999999999997 },
    { intent: 'CANCEL_ORDER', confidence: 0.108 },
    { intent: 'RETURN_ORDER', confidence: 0.08 }
  ],
  entities: { orderIds: [ 'ORD-TRACK', 'ORD-ABC123' ] },
  sentiment: { sentiment: 'neutral', intensity: 0.5 },
  urgency: { level: 'medium', score: 0.5 },
  confidence: 0.36719999999999997,
  isComplex: true,
  primaryIntent: 'TRACK_ORDER'
}
≡ƒñû AI Response: ≡ƒôª Here's the tracking information for order ORD-TRACK:

**Status:** In Transit
**Tracking:** 1Z999AA123456789
**Est. Delivery:** Wed Aug 13 2025

Your package is on its way! Is there anything else you need help with?
≡ƒÄ» Intent: TRACK_ORDER
≡ƒöì Confidence: undefined
≡ƒôè Actions: [ 'TRACK_ORDER' ]
≡ƒöº Debug - Full Response: {
  "message": "≡ƒôª Here's the tracking information for order ORD-TRACK:\n\n**Status:** In Transit\n**Tracking:** 1Z999AA123456789\n**Est. Delivery:** Wed Aug 13 2025\n\nYour package is on its way! Is there anything else you need help with?",
  "intent": "TRACK_ORDER",
  "orderId": "ORD-TRACK",
  "success": true,
  "actions": [
    "TRACK_ORDER"
  ]
}

≡ƒô¥ Test 6: "What's the status of my recent purchase?"
ΓöÇΓöÇΓöÇΓöÇΓöÇΓöÇΓöÇΓöÇΓöÇΓöÇΓöÇΓöÇΓöÇΓöÇΓöÇΓöÇΓöÇΓöÇΓöÇΓöÇΓöÇΓöÇΓöÇΓöÇΓöÇΓöÇΓöÇΓöÇΓöÇΓöÇΓöÇΓöÇΓöÇΓöÇΓöÇΓöÇΓöÇΓöÇΓöÇΓöÇΓöÇΓöÇΓöÇΓöÇΓöÇΓöÇΓöÇΓöÇΓöÇΓöÇ
[DEBUG] Intent scores for: What's the status of my recent purchase?
[DEBUG] Scores: {
  CANCEL_ORDER: 0.108,
  TRACK_ORDER: 0.102,
  RETURN_ORDER: 0,
  GENERAL_INQUIRY: 0
}
[DEBUG] Final analysis: {
  intents: [
    { intent: 'CANCEL_ORDER', confidence: 0.108 },
    { intent: 'TRACK_ORDER', confidence: 0.102 }
  ],
  entities: {
    orderIds: [
      'ORD-WHAT',
      'ORD-THE',
      'ORD-STATUS',
      'ORD-RECENT',
      'ORD-PURCHASE'
    ]
  },
  sentiment: { sentiment: 'neutral', intensity: 0.5 },
  urgency: { level: 'medium', score: 0.5 },
  confidence: 0.108,
  isComplex: true,
  primaryIntent: 'CANCEL_ORDER'
}
≡ƒñû AI Response: I understand this is important to you. Let me connect you with one of our human support specialists who can provide more personalized assistance. You'll be connected to the next available agent.
≡ƒÄ» Intent: ESCALATION
≡ƒöì Confidence: undefined
≡ƒôè Actions: None
≡ƒöº Debug - Full Response: {
  "message": "I understand this is important to you. Let me connect you with one of our human support specialists who can provide more personalized assistance. You'll be connected to the next available agent.",
  "intent": "ESCALATION",
  "escalation": {
    "priority": "medium",
    "reasons": [
      "low_confidence"
    ]
  },
  "success": false,
  "requiresHuman": true
}
ΓÜá∩╕Å  Escalation: medium - Reasons: low_confidence

≡ƒô¥ Test 7: "I need help with payment issues for my order"
ΓöÇΓöÇΓöÇΓöÇΓöÇΓöÇΓöÇΓöÇΓöÇΓöÇΓöÇΓöÇΓöÇΓöÇΓöÇΓöÇΓöÇΓöÇΓöÇΓöÇΓöÇΓöÇΓöÇΓöÇΓöÇΓöÇΓöÇΓöÇΓöÇΓöÇΓöÇΓöÇΓöÇΓöÇΓöÇΓöÇΓöÇΓöÇΓöÇΓöÇΓöÇΓöÇΓöÇΓöÇΓöÇΓöÇΓöÇΓöÇΓöÇΓöÇ
[DEBUG] Intent scores for: I need help with payment issues for my order
[DEBUG] Scores: {
  CANCEL_ORDER: 0.108,
  TRACK_ORDER: 0.102,
  RETURN_ORDER: 0.08,
  GENERAL_INQUIRY: 0.128
}
[DEBUG] Final analysis: {
  intents: [
    { intent: 'GENERAL_INQUIRY', confidence: 0.128 },
    { intent: 'CANCEL_ORDER', confidence: 0.108 },
    { intent: 'TRACK_ORDER', confidence: 0.102 },
    { intent: 'RETURN_ORDER', confidence: 0.08 }
  ],
  entities: {
    orderIds: [
      'ORD-NEED',
      'ORD-HELP',
      'ORD-WITH',
      'ORD-PAYMENT',
      'ORD-ISSUES',
      'ORD-FOR',
      'ORD-ORDER'
    ]
  },
  sentiment: { sentiment: 'neutral', intensity: 0.5 },
  urgency: { level: 'medium', score: 0.5 },
  confidence: 0.128,
  isComplex: true,
  primaryIntent: 'GENERAL_INQUIRY'
}
≡ƒñû AI Response: I understand this is important to you. Let me connect you with one of our human support specialists who can provide more personalized assistance. You'll be connected to the next available agent.
≡ƒÄ» Intent: ESCALATION
≡ƒöì Confidence: undefined
≡ƒôè Actions: None
≡ƒöº Debug - Full Response: {
  "message": "I understand this is important to you. Let me connect you with one of our human support specialists who can provide more personalized assistance. You'll be connected to the next available agent.",
  "intent": "ESCALATION",
  "escalation": {
    "priority": "medium",
    "reasons": [
      "low_confidence"
    ]
  },
  "success": false,
  "requiresHuman": true
}
ΓÜá∩╕Å  Escalation: medium - Reasons: low_confidence

≡ƒôè Service Statistics:
ΓöÇΓöÇΓöÇΓöÇΓöÇΓöÇΓöÇΓöÇΓöÇΓöÇΓöÇΓöÇΓöÇΓöÇΓöÇΓöÇΓöÇΓöÇΓöÇΓöÇΓöÇΓöÇΓöÇΓöÇΓöÇΓöÇΓöÇΓöÇΓöÇΓöÇ
{
  "hasGeminiAPI": false,
  "memoryStats": {
    "activeContexts": 1
  }
}

Γ£à Testing completed!
